<html>
<head>
    <meta charset="UTF-8">
    <meta name="viewport" content="width=device-width,initial-scale=1,maximum-scale=1,user-scalable=0,maximum-scale=1">
    
    <title>gka-preview</title>
<link href="./a-gka.css" rel="stylesheet" type="text/css">
</head>
<body>

    <div class="gka-wrap">
        <div id="gka"></div>
    </div>
    <script>
    function preloadImage(names, cb, prefix){
        window.gkaCache = window.gkaCache || [];
        var n = 0,img,imgs = {};
        names.forEach(function(name) {
            img = new Image();
            window.gkaCache.push(img);
            img.onload = (function(name, img) {
                return function() {
                    imgs[name] = img;
                    (++n === names.length) && cb && cb(imgs);
                }
            })(name, img);
            img.src = (prefix || '') + name;
        });
    }

    preloadImage(["a01.png","a02.png","a03.png","a04.png","a05.png","a06.png","a07.png","a08.png","a09.png"], function() {
        document.getElementById('gka').className += " animation"
    }, "img/")
    </script>
</body>
</html>